╔═══════════════════════════════════════════════════════════╗
║              SLIM Bindings Setup                          ║
╚═══════════════════════════════════════════════════════════╝

Version:  v1.2.0
Platform: linux/amd64 (ABI: gnu)
Target:   x86_64-unknown-linux-gnu

📦 Downloading SLIM bindings library...
   Version:  v1.2.0
   Platform: x86_64-unknown-linux-gnu
   URL:      https://github.com/agntcy/slim/releases/download/slim-bindings-v1.2.0/slim-bindings-x86_64-unknown-linux-gnu.zip
   Extracted: libslim_bindings_x86_64_linux_gnu.a (176.8 MB)
✅ Library installed to: /home/runner/go/.cgo-cache/slim-bindings

✅ Setup complete! You can now build Go projects using SLIM bindings.
go: downloading go1.24.1 (linux/amd64)
go: downloading gonum.org/v1/gonum v0.16.0
=== RUN   TestCapacitySweepImproved
--- PASS: TestCapacitySweepImproved (0.00s)
=== RUN   TestCapacitySweepRegressed
--- PASS: TestCapacitySweepRegressed (0.00s)
=== RUN   TestMidpointRate
--- PASS: TestMidpointRate (0.00s)
=== RUN   TestCanonicalBenchmarkMode
=== RUN   TestCanonicalBenchmarkMode/request_reply
=== RUN   TestCanonicalBenchmarkMode/fire_and_forget_uppercase
=== RUN   TestCanonicalBenchmarkMode/write
=== RUN   TestCanonicalBenchmarkMode/unsupported
--- PASS: TestCanonicalBenchmarkMode (0.00s)
    --- PASS: TestCanonicalBenchmarkMode/request_reply (0.00s)
    --- PASS: TestCanonicalBenchmarkMode/fire_and_forget_uppercase (0.00s)
    --- PASS: TestCanonicalBenchmarkMode/write (0.00s)
    --- PASS: TestCanonicalBenchmarkMode/unsupported (0.00s)
=== RUN   TestModeRateValues
--- PASS: TestModeRateValues (0.00s)
=== RUN   TestBenchmarkModeMetadata
--- PASS: TestBenchmarkModeMetadata (0.00s)
=== RUN   TestComputeSampleStatsEmpty
--- PASS: TestComputeSampleStatsEmpty (0.00s)
=== RUN   TestComputeSampleStatsSingleValue
--- PASS: TestComputeSampleStatsSingleValue (0.00s)
=== RUN   TestComputeSampleStatsSampleVariance
--- PASS: TestComputeSampleStatsSampleVariance (0.00s)
=== RUN   TestTests
Running Suite: Tests Suite - /home/runner/work/csit/csit/benchmarks/agntcy-slim/tests
=====================================================================================
Random Seed: [1m1784710508[0m

Will run [1m1[0m of [1m8[0m specs
[38;5;14mS[0m[38;5;14mS[0m[38;5;14mS[0m
BENCHMARK_RESULT mode=request-reply clients=1 size=16 rate=100 repeat=1 sender_mps=92.07 observed_mps=101.06 sink_mps=49.99 sink_active_mps=101.06 sender_errors=0 sink_errors=0 node_cpu=1.82 total_cpu=15.04 mean_latency_ms=0.67 p50_latency_ms=0.67 p99_latency_ms=0.83

BENCHMARK_RESULT mode=request-reply clients=1 size=16 rate=100 repeat=2 sender_mps=95.54 observed_mps=101.03 sink_mps=49.98 sink_active_mps=101.03 sender_errors=0 sink_errors=0 node_cpu=2.84 total_cpu=17.19 mean_latency_ms=0.67 p50_latency_ms=0.66 p99_latency_ms=0.83

BENCHMARK_RESULT mode=request-reply clients=1 size=16 rate=100 repeat=3 sender_mps=92.08 observed_mps=101.07 sink_mps=50.00 sink_active_mps=101.07 sender_errors=0 sink_errors=0 node_cpu=2.73 total_cpu=15.21 mean_latency_ms=0.66 p50_latency_ms=0.66 p99_latency_ms=0.78

BENCHMARK_RESULT mode=request-reply clients=1 size=16 rate=100 repeat=4 sender_mps=95.54 observed_mps=101.04 sink_mps=49.99 sink_active_mps=101.04 sender_errors=0 sink_errors=0 node_cpu=2.84 total_cpu=15.55 mean_latency_ms=0.66 p50_latency_ms=0.66 p99_latency_ms=0.76

BENCHMARK_RESULT mode=request-reply clients=1 size=16 rate=100 repeat=5 sender_mps=95.55 observed_mps=101.05 sink_mps=49.98 sink_active_mps=101.05 sender_errors=0 sink_errors=0 node_cpu=2.84 total_cpu=15.89 mean_latency_ms=0.67 p50_latency_ms=0.66 p99_latency_ms=0.78

BENCHMARK_RESULT mode=request-reply clients=1 size=16 rate=100 repeat=6 sender_mps=95.56 observed_mps=101.05 sink_mps=49.99 sink_active_mps=101.05 sender_errors=0 sink_errors=0 node_cpu=2.84 total_cpu=16.00 mean_latency_ms=0.66 p50_latency_ms=0.66 p99_latency_ms=0.77

BENCHMARK_RESULT mode=request-reply clients=1 size=16 rate=100 repeat=7 sender_mps=95.55 observed_mps=101.03 sink_mps=49.99 sink_active_mps=101.03 sender_errors=0 sink_errors=0 node_cpu=2.84 total_cpu=15.99 mean_latency_ms=0.66 p50_latency_ms=0.66 p99_latency_ms=0.80

BENCHMARK_RESULT mode=request-reply clients=1 size=16 rate=100 repeat=8 sender_mps=95.60 observed_mps=101.03 sink_mps=50.00 sink_active_mps=101.03 sender_errors=0 sink_errors=0 node_cpu=1.89 total_cpu=15.75 mean_latency_ms=0.67 p50_latency_ms=0.67 p99_latency_ms=0.81

BENCHMARK_RESULT mode=request-reply clients=1 size=16 rate=100 repeat=9 sender_mps=95.58 observed_mps=101.04 sink_mps=49.98 sink_active_mps=101.04 sender_errors=0 sink_errors=0 node_cpu=3.78 total_cpu=17.66 mean_latency_ms=0.67 p50_latency_ms=0.66 p99_latency_ms=0.82

BENCHMARK_RESULT mode=request-reply clients=1 size=16 rate=100 repeat=10 sender_mps=95.53 observed_mps=101.01 sink_mps=50.00 sink_active_mps=101.01 sender_errors=0 sink_errors=0 node_cpu=1.89 total_cpu=15.07 mean_latency_ms=0.67 p50_latency_ms=0.66 p99_latency_ms=0.83

BENCHMARK_RESULT mode=request-reply clients=1 size=16 rate=100 repeat=11 sender_mps=95.55 observed_mps=100.99 sink_mps=49.99 sink_active_mps=100.99 sender_errors=0 sink_errors=0 node_cpu=2.84 total_cpu=16.53 mean_latency_ms=0.66 p50_latency_ms=0.66 p99_latency_ms=0.76

BENCHMARK_RESULT mode=request-reply clients=1 size=16 rate=100 repeat=12 sender_mps=95.65 observed_mps=101.09 sink_mps=49.99 sink_active_mps=101.09 sender_errors=0 sink_errors=0 node_cpu=3.79 total_cpu=16.61 mean_latency_ms=0.67 p50_latency_ms=0.66 p99_latency_ms=0.77

BENCHMARK_RESULT mode=request-reply clients=1 size=16 rate=100 repeat=13 sender_mps=95.53 observed_mps=101.03 sink_mps=49.97 sink_active_mps=101.03 sender_errors=0 sink_errors=0 node_cpu=1.90 total_cpu=16.24 mean_latency_ms=0.67 p50_latency_ms=0.66 p99_latency_ms=0.77

BENCHMARK_RESULT mode=request-reply clients=1 size=16 rate=100 repeat=14 sender_mps=95.54 observed_mps=101.01 sink_mps=49.99 sink_active_mps=101.01 sender_errors=0 sink_errors=0 node_cpu=2.84 total_cpu=15.57 mean_latency_ms=0.67 p50_latency_ms=0.66 p99_latency_ms=0.81

BENCHMARK_RESULT mode=request-reply clients=1 size=16 rate=100 repeat=15 sender_mps=95.56 observed_mps=101.03 sink_mps=49.99 sink_active_mps=101.03 sender_errors=0 sink_errors=0 node_cpu=2.84 total_cpu=17.16 mean_latency_ms=0.68 p50_latency_ms=0.67 p99_latency_ms=0.84

BENCHMARK_RESULT mode=request-reply clients=1 size=16 rate=100 repeat=16 sender_mps=95.57 observed_mps=101.04 sink_mps=49.98 sink_active_mps=101.04 sender_errors=0 sink_errors=0 node_cpu=2.84 total_cpu=17.35 mean_latency_ms=0.68 p50_latency_ms=0.67 p99_latency_ms=0.78

BENCHMARK_RESULT mode=request-reply clients=1 size=16 rate=100 repeat=17 sender_mps=95.54 observed_mps=101.01 sink_mps=49.99 sink_active_mps=101.01 sender_errors=0 sink_errors=0 node_cpu=1.89 total_cpu=14.39 mean_latency_ms=0.66 p50_latency_ms=0.66 p99_latency_ms=0.75

BENCHMARK_RESULT mode=request-reply clients=1 size=16 rate=100 repeat=18 sender_mps=95.57 observed_mps=101.06 sink_mps=49.99 sink_active_mps=101.06 sender_errors=0 sink_errors=0 node_cpu=3.79 total_cpu=17.61 mean_latency_ms=0.66 p50_latency_ms=0.65 p99_latency_ms=0.81

BENCHMARK_RESULT mode=request-reply clients=1 size=16 rate=100 repeat=19 sender_mps=95.52 observed_mps=100.98 sink_mps=50.00 sink_active_mps=100.98 sender_errors=0 sink_errors=0 node_cpu=1.89 total_cpu=14.51 mean_latency_ms=0.67 p50_latency_ms=0.66 p99_latency_ms=0.81

BENCHMARK_RESULT mode=request-reply clients=1 size=16 rate=100 repeat=20 sender_mps=95.50 observed_mps=101.02 sink_mps=49.99 sink_active_mps=101.02 sender_errors=0 sink_errors=0 node_cpu=2.84 total_cpu=17.33 mean_latency_ms=0.68 p50_latency_ms=0.67 p99_latency_ms=0.87

BENCHMARK_RESULT mode=request-reply clients=1 size=16 rate=100 repeat=21 sender_mps=95.52 observed_mps=101.01 sink_mps=49.98 sink_active_mps=101.01 sender_errors=0 sink_errors=0 node_cpu=2.84 total_cpu=17.37 mean_latency_ms=0.67 p50_latency_ms=0.67 p99_latency_ms=0.79

BENCHMARK_RESULT mode=request-reply clients=1 size=16 rate=100 repeat=22 sender_mps=95.52 observed_mps=101.01 sink_mps=49.99 sink_active_mps=101.01 sender_errors=0 sink_errors=0 node_cpu=2.84 total_cpu=15.55 mean_latency_ms=0.67 p50_latency_ms=0.66 p99_latency_ms=0.76

BENCHMARK_RESULT mode=request-reply clients=1 size=16 rate=100 repeat=23 sender_mps=95.51 observed_mps=100.97 sink_mps=50.00 sink_active_mps=100.97 sender_errors=0 sink_errors=0 node_cpu=2.84 total_cpu=17.08 mean_latency_ms=0.67 p50_latency_ms=0.67 p99_latency_ms=0.79

BENCHMARK_RESULT mode=request-reply clients=1 size=16 rate=100 repeat=24 sender_mps=95.53 observed_mps=101.01 sink_mps=49.99 sink_active_mps=101.01 sender_errors=0 sink_errors=0 node_cpu=2.84 total_cpu=15.56 mean_latency_ms=0.66 p50_latency_ms=0.65 p99_latency_ms=0.84

BENCHMARK_RESULT mode=request-reply clients=1 size=16 rate=100 repeat=25 sender_mps=95.60 observed_mps=101.08 sink_mps=49.99 sink_active_mps=101.08 sender_errors=0 sink_errors=0 node_cpu=2.84 total_cpu=17.32 mean_latency_ms=0.67 p50_latency_ms=0.66 p99_latency_ms=0.78

MODE_SUMMARY mode=request-reply runs=25 cases=1 mean_latency_ms=0.67 p50_latency_ms=0.66 p99_latency_ms=0.80 node_cpu=2.72 total_cpu=16.22 total_errors=0

BENCHMARK_RESULT mode=fire-and-forget clients=1 size=16 rate=1000 repeat=1 sender_mps=899.44 observed_mps=974.92 sink_mps=499.93 sink_active_mps=974.92 sender_errors=0 sink_errors=0 node_cpu=1.79 total_cpu=20.55

BENCHMARK_RESULT mode=fire-and-forget clients=1 size=16 rate=1000 repeat=2 sender_mps=956.58 observed_mps=999.81 sink_mps=499.73 sink_active_mps=999.81 sender_errors=0 sink_errors=0 node_cpu=1.89 total_cpu=20.17

BENCHMARK_RESULT mode=fire-and-forget clients=1 size=16 rate=1000 repeat=3 sender_mps=925.31 observed_mps=965.74 sink_mps=499.85 sink_active_mps=965.74 sender_errors=0 sink_errors=0 node_cpu=1.84 total_cpu=20.52

BENCHMARK_RESULT mode=fire-and-forget clients=1 size=16 rate=1000 repeat=4 sender_mps=924.64 observed_mps=965.88 sink_mps=499.77 sink_active_mps=965.88 sender_errors=0 sink_errors=0 node_cpu=1.84 total_cpu=20.68

BENCHMARK_RESULT mode=fire-and-forget clients=1 size=16 rate=1000 repeat=5 sender_mps=937.58 observed_mps=979.75 sink_mps=499.92 sink_active_mps=979.75 sender_errors=0 sink_errors=0 node_cpu=1.86 total_cpu=20.79

BENCHMARK_RESULT mode=fire-and-forget clients=1 size=16 rate=1000 repeat=6 sender_mps=935.05 observed_mps=976.73 sink_mps=499.93 sink_active_mps=976.73 sender_errors=0 sink_errors=0 node_cpu=1.86 total_cpu=20.68

BENCHMARK_RESULT mode=fire-and-forget clients=1 size=16 rate=1000 repeat=7 sender_mps=937.65 observed_mps=979.64 sink_mps=499.84 sink_active_mps=979.64 sender_errors=0 sink_errors=0 node_cpu=1.86 total_cpu=21.54

BENCHMARK_RESULT mode=fire-and-forget clients=1 size=16 rate=1000 repeat=8 sender_mps=956.53 observed_mps=1000.32 sink_mps=499.93 sink_active_mps=1000.32 sender_errors=0 sink_errors=0 node_cpu=1.89 total_cpu=20.56

BENCHMARK_RESULT mode=fire-and-forget clients=1 size=16 rate=1000 repeat=9 sender_mps=930.83 observed_mps=972.05 sink_mps=499.81 sink_active_mps=972.05 sender_errors=0 sink_errors=0 node_cpu=1.84 total_cpu=20.71

BENCHMARK_RESULT mode=fire-and-forget clients=1 size=16 rate=1000 repeat=10 sender_mps=935.04 observed_mps=976.75 sink_mps=499.74 sink_active_mps=976.75 sender_errors=0 sink_errors=0 node_cpu=0.93 total_cpu=19.13

BENCHMARK_RESULT mode=fire-and-forget clients=1 size=16 rate=1000 repeat=11 sender_mps=934.16 observed_mps=975.72 sink_mps=499.95 sink_active_mps=975.72 sender_errors=0 sink_errors=0 node_cpu=1.86 total_cpu=20.73

BENCHMARK_RESULT mode=fire-and-forget clients=1 size=16 rate=1000 repeat=12 sender_mps=927.12 observed_mps=968.40 sink_mps=499.30 sink_active_mps=968.40 sender_errors=0 sink_errors=0 node_cpu=1.84 total_cpu=21.00

BENCHMARK_RESULT mode=fire-and-forget clients=1 size=16 rate=1000 repeat=13 sender_mps=923.64 observed_mps=964.64 sink_mps=499.88 sink_active_mps=964.64 sender_errors=0 sink_errors=0 node_cpu=1.82 total_cpu=20.59

BENCHMARK_RESULT mode=fire-and-forget clients=1 size=16 rate=1000 repeat=14 sender_mps=926.86 observed_mps=967.44 sink_mps=499.95 sink_active_mps=967.44 sender_errors=0 sink_errors=0 node_cpu=0.92 total_cpu=18.98

BENCHMARK_RESULT mode=fire-and-forget clients=1 size=16 rate=1000 repeat=15 sender_mps=930.36 observed_mps=971.15 sink_mps=499.83 sink_active_mps=971.15 sender_errors=0 sink_errors=0 node_cpu=2.76 total_cpu=21.59

BENCHMARK_RESULT mode=fire-and-forget clients=1 size=16 rate=1000 repeat=16 sender_mps=931.64 observed_mps=972.95 sink_mps=499.95 sink_active_mps=972.95 sender_errors=0 sink_errors=0 node_cpu=0.92 total_cpu=19.86

BENCHMARK_RESULT mode=fire-and-forget clients=1 size=16 rate=1000 repeat=17 sender_mps=935.96 observed_mps=977.65 sink_mps=499.48 sink_active_mps=977.65 sender_errors=0 sink_errors=0 node_cpu=1.86 total_cpu=19.84

BENCHMARK_RESULT mode=fire-and-forget clients=1 size=16 rate=1000 repeat=18 sender_mps=924.05 observed_mps=964.77 sink_mps=499.78 sink_active_mps=964.77 sender_errors=0 sink_errors=0 node_cpu=0.91 total_cpu=19.41

BENCHMARK_RESULT mode=fire-and-forget clients=1 size=16 rate=1000 repeat=19 sender_mps=922.99 observed_mps=963.99 sink_mps=499.80 sink_active_mps=963.99 sender_errors=0 sink_errors=0 node_cpu=2.73 total_cpu=20.65

BENCHMARK_RESULT mode=fire-and-forget clients=1 size=16 rate=1000 repeat=20 sender_mps=933.86 observed_mps=974.97 sink_mps=499.82 sink_active_mps=974.97 sender_errors=0 sink_errors=0 node_cpu=1.86 total_cpu=20.88

BENCHMARK_RESULT mode=fire-and-forget clients=1 size=16 rate=1000 repeat=21 sender_mps=929.09 observed_mps=970.40 sink_mps=499.79 sink_active_mps=970.40 sender_errors=0 sink_errors=0 node_cpu=1.84 total_cpu=20.95

BENCHMARK_RESULT mode=fire-and-forget clients=1 size=16 rate=1000 repeat=22 sender_mps=927.26 observed_mps=968.48 sink_mps=499.84 sink_active_mps=968.48 sender_errors=0 sink_errors=0 node_cpu=1.84 total_cpu=20.56

BENCHMARK_RESULT mode=fire-and-forget clients=1 size=16 rate=1000 repeat=23 sender_mps=936.78 observed_mps=978.53 sink_mps=499.34 sink_active_mps=978.53 sender_errors=0 sink_errors=0 node_cpu=1.86 total_cpu=20.67

BENCHMARK_RESULT mode=fire-and-forget clients=1 size=16 rate=1000 repeat=24 sender_mps=900.71 observed_mps=975.95 sink_mps=499.76 sink_active_mps=975.95 sender_errors=0 sink_errors=0 node_cpu=0.89 total_cpu=19.35

BENCHMARK_RESULT mode=fire-and-forget clients=1 size=16 rate=1000 repeat=25 sender_mps=933.74 observed_mps=974.79 sink_mps=499.85 sink_active_mps=974.79 sender_errors=0 sink_errors=0 node_cpu=2.76 total_cpu=21.41

MODE_SUMMARY mode=fire-and-forget runs=25 cases=1 sender_mean_mps=930.27 observed_mean_mps=974.46 node_cpu=1.77 total_cpu=20.47 total_errors=0

BENCHMARK_RESULT mode=write clients=1 size=16 rate=1000 repeat=1 sender_mps=922.15 observed_mps=922.15 sink_mps=0.00 sink_active_mps=0.00 sender_errors=0 sink_errors=0 node_cpu=1.82 total_cpu=16.84

BENCHMARK_RESULT mode=write clients=1 size=16 rate=1000 repeat=2 sender_mps=922.22 observed_mps=922.22 sink_mps=0.00 sink_active_mps=0.00 sender_errors=0 sink_errors=0 node_cpu=1.82 total_cpu=14.98

BENCHMARK_RESULT mode=write clients=1 size=16 rate=1000 repeat=3 sender_mps=897.22 observed_mps=897.22 sink_mps=0.00 sink_active_mps=0.00 sender_errors=0 sink_errors=0 node_cpu=0.89 total_cpu=13.84

BENCHMARK_RESULT mode=write clients=1 size=16 rate=1000 repeat=4 sender_mps=932.61 observed_mps=932.61 sink_mps=0.00 sink_active_mps=0.00 sender_errors=0 sink_errors=0 node_cpu=2.76 total_cpu=15.96

BENCHMARK_RESULT mode=write clients=1 size=16 rate=1000 repeat=5 sender_mps=900.11 observed_mps=900.11 sink_mps=0.00 sink_active_mps=0.00 sender_errors=0 sink_errors=0 node_cpu=1.79 total_cpu=15.02

BENCHMARK_RESULT mode=write clients=1 size=16 rate=1000 repeat=6 sender_mps=920.65 observed_mps=920.65 sink_mps=0.00 sink_active_mps=0.00 sender_errors=0 sink_errors=0 node_cpu=1.82 total_cpu=14.97

BENCHMARK_RESULT mode=write clients=1 size=16 rate=1000 repeat=7 sender_mps=936.38 observed_mps=936.38 sink_mps=0.00 sink_active_mps=0.00 sender_errors=0 sink_errors=0 node_cpu=1.86 total_cpu=16.30

BENCHMARK_RESULT mode=write clients=1 size=16 rate=1000 repeat=8 sender_mps=927.95 observed_mps=927.95 sink_mps=0.00 sink_active_mps=0.00 sender_errors=0 sink_errors=0 node_cpu=1.84 total_cpu=15.01

BENCHMARK_RESULT mode=write clients=1 size=16 rate=1000 repeat=9 sender_mps=937.71 observed_mps=937.71 sink_mps=0.00 sink_active_mps=0.00 sender_errors=0 sink_errors=0 node_cpu=1.86 total_cpu=15.16

BENCHMARK_RESULT mode=write clients=1 size=16 rate=1000 repeat=10 sender_mps=898.66 observed_mps=898.66 sink_mps=0.00 sink_active_mps=0.00 sender_errors=0 sink_errors=0 node_cpu=2.66 total_cpu=15.52

BENCHMARK_RESULT mode=write clients=1 size=16 rate=1000 repeat=11 sender_mps=932.65 observed_mps=932.65 sink_mps=0.00 sink_active_mps=0.00 sender_errors=0 sink_errors=0 node_cpu=0.92 total_cpu=14.31

BENCHMARK_RESULT mode=write clients=1 size=16 rate=1000 repeat=12 sender_mps=931.37 observed_mps=931.37 sink_mps=0.00 sink_active_mps=0.00 sender_errors=0 sink_errors=0 node_cpu=1.84 total_cpu=15.26

BENCHMARK_RESULT mode=write clients=1 size=16 rate=1000 repeat=13 sender_mps=935.09 observed_mps=935.09 sink_mps=0.00 sink_active_mps=0.00 sender_errors=0 sink_errors=0 node_cpu=1.86 total_cpu=15.05

BENCHMARK_RESULT mode=write clients=1 size=16 rate=1000 repeat=14 sender_mps=928.19 observed_mps=928.19 sink_mps=0.00 sink_active_mps=0.00 sender_errors=0 sink_errors=0 node_cpu=1.84 total_cpu=14.91

BENCHMARK_RESULT mode=write clients=1 size=16 rate=1000 repeat=15 sender_mps=927.38 observed_mps=927.38 sink_mps=0.00 sink_active_mps=0.00 sender_errors=0 sink_errors=0 node_cpu=1.84 total_cpu=15.09

BENCHMARK_RESULT mode=write clients=1 size=16 rate=1000 repeat=16 sender_mps=930.24 observed_mps=930.24 sink_mps=0.00 sink_active_mps=0.00 sender_errors=0 sink_errors=0 node_cpu=1.84 total_cpu=15.03

BENCHMARK_RESULT mode=write clients=1 size=16 rate=1000 repeat=17 sender_mps=926.43 observed_mps=926.43 sink_mps=0.00 sink_active_mps=0.00 sender_errors=0 sink_errors=0 node_cpu=1.84 total_cpu=15.04

BENCHMARK_RESULT mode=write clients=1 size=16 rate=1000 repeat=18 sender_mps=927.27 observed_mps=927.27 sink_mps=0.00 sink_active_mps=0.00 sender_errors=0 sink_errors=0 node_cpu=1.84 total_cpu=14.95

BENCHMARK_RESULT mode=write clients=1 size=16 rate=1000 repeat=19 sender_mps=929.75 observed_mps=929.75 sink_mps=0.00 sink_active_mps=0.00 sender_errors=0 sink_errors=0 node_cpu=2.76 total_cpu=15.84

BENCHMARK_RESULT mode=write clients=1 size=16 rate=1000 repeat=20 sender_mps=926.33 observed_mps=926.33 sink_mps=0.00 sink_active_mps=0.00 sender_errors=0 sink_errors=0 node_cpu=1.84 total_cpu=15.01

BENCHMARK_RESULT mode=write clients=1 size=16 rate=1000 repeat=21 sender_mps=896.84 observed_mps=896.84 sink_mps=0.00 sink_active_mps=0.00 sender_errors=0 sink_errors=0 node_cpu=1.77 total_cpu=14.69

BENCHMARK_RESULT mode=write clients=1 size=16 rate=1000 repeat=22 sender_mps=934.98 observed_mps=934.98 sink_mps=0.00 sink_active_mps=0.00 sender_errors=0 sink_errors=0 node_cpu=1.86 total_cpu=15.86

BENCHMARK_RESULT mode=write clients=1 size=16 rate=1000 repeat=23 sender_mps=930.65 observed_mps=930.65 sink_mps=0.00 sink_active_mps=0.00 sender_errors=0 sink_errors=0 node_cpu=1.84 total_cpu=14.93

BENCHMARK_RESULT mode=write clients=1 size=16 rate=1000 repeat=24 sender_mps=955.83 observed_mps=955.83 sink_mps=0.00 sink_active_mps=0.00 sender_errors=0 sink_errors=0 node_cpu=2.84 total_cpu=16.67

BENCHMARK_RESULT mode=write clients=1 size=16 rate=1000 repeat=25 sender_mps=934.70 observed_mps=934.70 sink_mps=0.00 sink_active_mps=0.00 sender_errors=0 sink_errors=0 node_cpu=0.93 total_cpu=14.29

MODE_SUMMARY mode=write runs=25 cases=1 sender_mean_mps=925.73 observed_mean_mps=925.73 node_cpu=1.87 total_cpu=15.22 total_errors=0

[38;5;243m------------------------------[0m
[38;5;10m• [158.054 seconds][0m
[0mSLIM Benchmark Suite Matrix [38;5;10m[1mruns the repeated benchmark matrix and generates reports[0m [38;5;204m[benchmark-suite][0m
[38;5;243m/home/runner/work/csit/csit/benchmarks/agntcy-slim/tests/benchmark_suite_test.go:22[0m

  [38;5;243mReport Entries >>[0m
  [1mBenchmark Suite Summary[38;5;243m - /home/runner/work/csit/csit/benchmarks/agntcy-slim/tests/benchmark_suite_test.go:53 @ 07/22/26 08:58:04.459[0m
    /home/runner/work/csit/csit/benchmarks/agntcy-slim/reports/suite_summary.md
  [1mBenchmark Technical Report[38;5;243m - /home/runner/work/csit/csit/benchmarks/agntcy-slim/tests/benchmark_suite_test.go:54 @ 07/22/26 08:58:04.459[0m
    /home/runner/work/csit/csit/benchmarks/agntcy-slim/reports/technical_report.md
  [38;5;243m<< Report Entries[0m
[38;5;243m------------------------------[0m
[38;5;14mS[0m[38;5;14mS[0m[38;5;14mS[0m[38;5;14mS[0m

[38;5;10m[1mRan 1 of 8 Specs in 176.146 seconds[0m
[38;5;10m[1mSUCCESS![0m -- [38;5;10m[1m1 Passed[0m | [38;5;9m[1m0 Failed[0m | [38;5;11m[1m0 Pending[0m | [38;5;14m[1m7 Skipped[0m
--- PASS: TestTests (176.15s)
PASS
ok  	github.com/agntcy/csit/benchmarks/agntcy-slim/tests	176.152s
